OpenBSD 6.8-current (GENERIC.MP) #970: Sun Jan 10 14:39:07 MST 2021
    xxx@xxx.xxx:/usr/src/sys/arch/arm64/compile/GENERIC.MP
real mem  = 957358080 (913MB)
avail mem = 895537152 (854MB)
random: good seed from bootblocks
mainbus0 at root: Raspberry Pi 3 Model B Rev 1.2
cpu0 at mainbus0 mpidr 0: ARM Cortex-A53 r0p4
cpu0: 32KB 64b/line 2-way L1 VIPT I-cache, 32KB 64b/line 4-way L1 D-cache
cpu0: 512KB 64b/line 16-way L2 cache
cpu0: CRC32
cpu1 at mainbus0 mpidr 1: ARM Cortex-A53 r0p4
cpu1: 32KB 64b/line 2-way L1 VIPT I-cache, 32KB 64b/line 4-way L1 D-cache
cpu1: 512KB 64b/line 16-way L2 cache
cpu1: CRC32
cpu2 at mainbus0 mpidr 2: ARM Cortex-A53 r0p4
cpu2: 32KB 64b/line 2-way L1 VIPT I-cache, 32KB 64b/line 4-way L1 D-cache
cpu2: 512KB 64b/line 16-way L2 cache
cpu2: CRC32
cpu3 at mainbus0 mpidr 3: ARM Cortex-A53 r0p4
cpu3: 32KB 64b/line 2-way L1 VIPT I-cache, 32KB 64b/line 4-way L1 D-cache
cpu3: 512KB 64b/line 16-way L2 cache
cpu3: CRC32
efi0 at mainbus0: UEFI 2.8
efi0: Das U-Boot rev 0x20201000
apm0 at mainbus0
simplefb0 at mainbus0: 656x416, 32bpp
wsdisplay0 at simplefb0 mux 1
wsdisplay0: screen 0-5 added (std, vt100 emulation)
"system" at mainbus0 not configured
"axi" at mainbus0 not configured
simplebus0 at mainbus0: "soc"
bcmclock0 at simplebus0
bcmmbox0 at simplebus0
bcmgpio0 at simplebus0
bcmaux0 at simplebus0
bcmdmac0 at simplebus0: DMA0 DMA2 DMA4 DMA5 DMA8 DMA9 DMA10
bcmintc0 at simplebus0
bcmrng0 at simplebus0
pluart0 at simplebus0: console
bcmsdhost0 at simplebus0: 250 MHz base clock
sdmmc0 at bcmsdhost0: 4-bit, sd high-speed, mmc high-speed, dma
dwctwo0 at simplebus0
bcmdog0 at simplebus0
bcmtemp0 at simplebus0
"local_intc" at simplebus0 not configured
sdhc0 at simplebus0
sdhc0: SDHC 3.0, 200 MHz base clock
sdmmc1 at sdhc0: 4-bit, sd high-speed, mmc high-speed
simplebus1 at simplebus0: "firmware"
"clocks" at simplebus1 not configured
"expgpio" at simplebus1 not configured
"power" at simplebus0 not configured
"mailbox" at simplebus0 not configured
"gpiomem" at simplebus0 not configured
"fb" at simplebus0 not configured
"vcsm" at simplebus0 not configured
"virtgpio" at simplebus0 not configured
"clocks" at mainbus0 not configured
"phy" at mainbus0 not configured
"arm-pmu" at mainbus0 not configured
agtimer0 at mainbus0: tick rate 19200 KHz
"leds" at mainbus0 not configured
"fixedregulator_3v3" at mainbus0 not configured
"fixedregulator_5v0" at mainbus0 not configured
usb0 at dwctwo0: USB revision 2.0
scsibus0 at sdmmc0: 2 targets, initiator 0
sd0 at scsibus0 targ 1 lun 0: <SD/MMC, JB1RT, 0030> removable
sd0: 30528MB, 512 bytes/sector, 62521344 sectors
uhub0 at usb0 configuration 1 interface 0 "Broadcom DWC2 root hub" rev 2.00/1.00 addr 1
uhub1 at uhub0 port 1 configuration 1 interface 0 "Standard Microsystems product 0x9514" rev 2.00/2.00 addr 2
bwfm0 at sdmmc1 function 1
manufacturer 0x02d0, product 0xa9a6 at sdmmc1 function 2 not configured
smsc0 at uhub1 port 1 configuration 1 interface 0 "Standard Microsystems SMSC9512/14" rev 2.00/2.00 addr 3
smsc0: address xx:xx:xx:xx:xx:xx
ukphy0 at smsc0 phy 1: Generic IEEE 802.3u media interface, rev. 3: OUI 0x0001f0, model 0x000c
vscsi0 at root
scsibus1 at vscsi0: 256 targets
softraid0 at root
scsibus2 at softraid0: 256 targets
root on sd0a (88dd4558238592e5.a) swap on sd0b dump on sd0b
WARNING: CHECK AND RESET THE DATE!
gpio0 at bcmgpio0: 54 pins
bwfm0: address xx:xx:xx:xx:xx:xx

